✔ [10/15] Built Collatz.Research.RefinementAtlas.Batch002 (2.7s)
✔ [11/15] Built Collatz.Research.RefinementAtlas.Batch001 (2.7s)
✔ [12/15] Built Collatz.Research.RefinementAtlas.Batch003 (2.8s)
✔ [13/15] Built Collatz.Research.RefinementAtlas.Batch004 (2.7s)
✔ [14/15] Built Collatz.Research.RefinementAtlas.Batch005 (2.7s)
✔ [15/15] Built Collatz.Research.RefinementAtlas.Batch006 (2.8s)
Build completed successfully (15 jobs).
✔ [10/15] Built Collatz.Research.RefinementAtlas.Batch012 (2.9s)
✔ [11/15] Built Collatz.Research.RefinementAtlas.Batch009 (3.1s)
✔ [12/15] Built Collatz.Research.RefinementAtlas.Batch008 (3.2s)
✔ [13/15] Built Collatz.Research.RefinementAtlas.Batch010 (3.3s)
✔ [14/15] Built Collatz.Research.RefinementAtlas.Batch007 (3.4s)
✔ [15/15] Built Collatz.Research.RefinementAtlas.Batch011 (3.5s)
Build completed successfully (15 jobs).
✔ [10/15] Built Collatz.Research.RefinementAtlas.Batch018 (1.5s)
✔ [11/15] Built Collatz.Research.RefinementAtlas.Batch014 (1.8s)
✔ [12/15] Built Collatz.Research.RefinementAtlas.Batch017 (1.9s)
✔ [13/15] Built Collatz.Research.RefinementAtlas.Batch013 (2.2s)
✔ [14/15] Built Collatz.Research.RefinementAtlas.Batch016 (2.1s)
✔ [15/15] Built Collatz.Research.RefinementAtlas.Batch015 (1.1s)
Build completed successfully (15 jobs).
✔ [10/15] Built Collatz.Research.RefinementAtlas.Batch022 (1.2s)
✔ [11/15] Built Collatz.Research.RefinementAtlas.Batch019 (1.3s)
✔ [12/15] Built Collatz.Research.RefinementAtlas.Batch020 (1.4s)
✔ [13/15] Built Collatz.Research.RefinementAtlas.Batch021 (1.3s)
✔ [14/15] Built Collatz.Research.RefinementAtlas.Batch023 (1.3s)
✔ [15/15] Built Collatz.Research.RefinementAtlas.Batch024 (1.3s)
Build completed successfully (15 jobs).
✔ [10/15] Built Collatz.Research.RefinementAtlas.Batch027 (852ms)
✔ [11/15] Built Collatz.Research.RefinementAtlas.Batch029 (888ms)
✔ [12/15] Built Collatz.Research.RefinementAtlas.Batch030 (822ms)
✔ [13/15] Built Collatz.Research.RefinementAtlas.Batch028 (961ms)
✔ [14/15] Built Collatz.Research.RefinementAtlas.Batch025 (637ms)
✔ [15/15] Built Collatz.Research.RefinementAtlas.Batch026 (644ms)
Build completed successfully (15 jobs).
✔ [10/15] Built Collatz.Research.RefinementAtlas.Batch031 (1.7s)
✔ [11/15] Built Collatz.Research.RefinementAtlas.Batch034 (1.9s)
✔ [12/15] Built Collatz.Research.RefinementAtlas.Batch035 (1.9s)
✔ [13/15] Built Collatz.Research.RefinementAtlas.Batch032 (1.9s)
✔ [14/15] Built Collatz.Research.RefinementAtlas.Batch033 (2.1s)
✔ [15/15] Built Collatz.Research.RefinementAtlas.Batch036 (661ms)
Build completed successfully (15 jobs).
✔ [10/15] Built Collatz.Research.RefinementAtlas.Batch040 (1.1s)
✔ [11/15] Built Collatz.Research.RefinementAtlas.Batch037 (1.2s)
✔ [12/15] Built Collatz.Research.RefinementAtlas.Batch038 (1.3s)
✔ [13/15] Built Collatz.Research.RefinementAtlas.Batch039 (1.3s)
✔ [14/15] Built Collatz.Research.RefinementAtlas.Batch041 (1.3s)
✔ [15/15] Built Collatz.Research.RefinementAtlas.Batch042 (1.3s)
Build completed successfully (15 jobs).
✔ [10/15] Built Collatz.Research.RefinementAtlas.Batch044 (975ms)
✔ [11/15] Built Collatz.Research.RefinementAtlas.Batch043 (1.1s)
✔ [12/15] Built Collatz.Research.RefinementAtlas.Batch047 (1.0s)
✔ [13/15] Built Collatz.Research.RefinementAtlas.Batch046 (1.2s)
✔ [14/15] Built Collatz.Research.RefinementAtlas.Batch048 (1.2s)
✔ [15/15] Built Collatz.Research.RefinementAtlas.Batch045 (1.2s)
Build completed successfully (15 jobs).
✔ [10/15] Built Collatz.Research.RefinementAtlas.Batch053 (1.1s)
✔ [11/15] Built Collatz.Research.RefinementAtlas.Batch051 (1.1s)
✔ [12/15] Built Collatz.Research.RefinementAtlas.Batch052 (1.1s)
✔ [13/15] Built Collatz.Research.RefinementAtlas.Batch049 (1.3s)
✔ [14/15] Built Collatz.Research.RefinementAtlas.Batch054 (1.3s)
✔ [15/15] Built Collatz.Research.RefinementAtlas.Batch050 (1.4s)
Build completed successfully (15 jobs).
✔ [10/15] Built Collatz.Research.RefinementAtlas.Batch055 (1.3s)
✔ [11/15] Built Collatz.Research.RefinementAtlas.Batch056 (1.2s)
✔ [12/15] Built Collatz.Research.RefinementAtlas.Batch058 (1.2s)
✔ [13/15] Built Collatz.Research.RefinementAtlas.Batch057 (1.4s)
✔ [14/15] Built Collatz.Research.RefinementAtlas.Batch060 (1.3s)
✔ [15/15] Built Collatz.Research.RefinementAtlas.Batch059 (1.4s)
Build completed successfully (15 jobs).
✔ [10/15] Built Collatz.Research.RefinementAtlas.Batch064 (1.0s)
✔ [11/15] Built Collatz.Research.RefinementAtlas.Batch065 (1.2s)
✔ [12/15] Built Collatz.Research.RefinementAtlas.Batch061 (1.3s)
✔ [13/15] Built Collatz.Research.RefinementAtlas.Batch062 (1.3s)
✔ [14/15] Built Collatz.Research.RefinementAtlas.Batch063 (1.3s)
✔ [15/15] Built Collatz.Research.RefinementAtlas.Batch066 (1.3s)
Build completed successfully (15 jobs).
✔ [10/15] Built Collatz.Research.RefinementAtlas.Batch067 (1.3s)
✔ [11/15] Built Collatz.Research.RefinementAtlas.Batch068 (1.3s)
✔ [12/15] Built Collatz.Research.RefinementAtlas.Batch071 (1.3s)
✔ [13/15] Built Collatz.Research.RefinementAtlas.Batch069 (1.4s)
✔ [14/15] Built Collatz.Research.RefinementAtlas.Batch070 (1.4s)
✔ [15/15] Built Collatz.Research.RefinementAtlas.Batch072 (1.4s)
Build completed successfully (15 jobs).
✔ [10/15] Built Collatz.Research.RefinementAtlas.Batch074 (1.1s)
✔ [11/15] Built Collatz.Research.RefinementAtlas.Batch076 (1.1s)
✔ [12/15] Built Collatz.Research.RefinementAtlas.Batch073 (1.2s)
✔ [13/15] Built Collatz.Research.RefinementAtlas.Batch075 (1.2s)
✔ [14/15] Built Collatz.Research.RefinementAtlas.Batch077 (1.3s)
✔ [15/15] Built Collatz.Research.RefinementAtlas.Batch078 (1.2s)
Build completed successfully (15 jobs).
✔ [10/15] Built Collatz.Research.RefinementAtlas.Batch079 (2.2s)
✔ [11/15] Built Collatz.Research.RefinementAtlas.Batch083 (2.2s)
✔ [12/15] Built Collatz.Research.RefinementAtlas.Batch080 (2.3s)
✔ [13/15] Built Collatz.Research.RefinementAtlas.Batch081 (2.3s)
✔ [14/15] Built Collatz.Research.RefinementAtlas.Batch082 (2.3s)
✔ [15/15] Built Collatz.Research.RefinementAtlas.Batch084 (2.3s)
Build completed successfully (15 jobs).
✔ [10/15] Built Collatz.Research.RefinementAtlas.Batch085 (1.2s)
✔ [11/15] Built Collatz.Research.RefinementAtlas.Batch090 (1.2s)
✔ [12/15] Built Collatz.Research.RefinementAtlas.Batch086 (1.4s)
✔ [13/15] Built Collatz.Research.RefinementAtlas.Batch087 (1.4s)
✔ [14/15] Built Collatz.Research.RefinementAtlas.Batch089 (1.4s)
✔ [15/15] Built Collatz.Research.RefinementAtlas.Batch088 (1.5s)
Build completed successfully (15 jobs).
✔ [10/15] Built Collatz.Research.RefinementAtlas.Batch092 (1.6s)
✔ [11/15] Built Collatz.Research.RefinementAtlas.Batch091 (1.8s)
✔ [12/15] Built Collatz.Research.RefinementAtlas.Batch093 (1.8s)
✔ [13/15] Built Collatz.Research.RefinementAtlas.Batch094 (1.8s)
✔ [14/15] Built Collatz.Research.RefinementAtlas.Batch095 (1.9s)
✔ [15/15] Built Collatz.Research.RefinementAtlas.Batch096 (1.9s)
Build completed successfully (15 jobs).
✔ [10/15] Built Collatz.Research.RefinementAtlas.Batch097 (1.7s)
✔ [11/15] Built Collatz.Research.RefinementAtlas.Batch099 (1.8s)
✔ [12/15] Built Collatz.Research.RefinementAtlas.Batch100 (1.9s)
✔ [13/15] Built Collatz.Research.RefinementAtlas.Batch102 (1.9s)
✔ [14/15] Built Collatz.Research.RefinementAtlas.Batch101 (2.0s)
✔ [15/15] Built Collatz.Research.RefinementAtlas.Batch098 (2.1s)
Build completed successfully (15 jobs).
✔ [10/15] Built Collatz.Research.RefinementAtlas.Batch105 (1.0s)
✔ [11/15] Built Collatz.Research.RefinementAtlas.Batch106 (1.0s)
✔ [12/15] Built Collatz.Research.RefinementAtlas.Batch107 (1.0s)
✔ [13/15] Built Collatz.Research.RefinementAtlas.Batch103 (1.0s)
✔ [14/15] Built Collatz.Research.RefinementAtlas.Batch104 (1.0s)
✔ [15/15] Built Collatz.Research.RefinementAtlas.Batch108 (1.1s)
Build completed successfully (15 jobs).
✔ [10/15] Built Collatz.Research.RefinementAtlas.Batch110 (820ms)
✔ [11/15] Built Collatz.Research.RefinementAtlas.Batch109 (917ms)
✔ [12/15] Built Collatz.Research.RefinementAtlas.Batch111 (1.0s)
✔ [13/15] Built Collatz.Research.RefinementAtlas.Batch112 (1.0s)
✔ [14/15] Built Collatz.Research.RefinementAtlas.Batch113 (958ms)
✔ [15/15] Built Collatz.Research.RefinementAtlas.Batch114 (1.0s)
Build completed successfully (15 jobs).
✔ [10/15] Built Collatz.Research.RefinementAtlas.Batch115 (1.1s)
✔ [11/15] Built Collatz.Research.RefinementAtlas.Batch116 (1.1s)
✔ [12/15] Built Collatz.Research.RefinementAtlas.Batch117 (1.1s)
✔ [13/15] Built Collatz.Research.RefinementAtlas.Batch118 (1.1s)
✔ [14/15] Built Collatz.Research.RefinementAtlas.Batch119 (1.0s)
✔ [15/15] Built Collatz.Research.RefinementAtlas.Batch120 (1.2s)
Build completed successfully (15 jobs).
✔ [10/15] Built Collatz.Research.RefinementAtlas.Batch122 (1.1s)
✔ [11/15] Built Collatz.Research.RefinementAtlas.Batch123 (1.1s)
✔ [12/15] Built Collatz.Research.RefinementAtlas.Batch121 (1.2s)
✔ [13/15] Built Collatz.Research.RefinementAtlas.Batch124 (1.3s)
✔ [14/15] Built Collatz.Research.RefinementAtlas.Batch125 (1.3s)
✔ [15/15] Built Collatz.Research.RefinementAtlas.Batch126 (1.3s)
Build completed successfully (15 jobs).
✔ [10/15] Built Collatz.Research.RefinementAtlas.Batch130 (1.4s)
✔ [11/15] Built Collatz.Research.RefinementAtlas.Batch128 (1.9s)
✔ [12/15] Built Collatz.Research.RefinementAtlas.Batch129 (1.9s)
✔ [13/15] Built Collatz.Research.RefinementAtlas.Batch131 (1.9s)
✔ [14/15] Built Collatz.Research.RefinementAtlas.Batch127 (2.1s)
✔ [15/15] Built Collatz.Research.RefinementAtlas.Batch132 (2.0s)
Build completed successfully (15 jobs).
✔ [10/15] Built Collatz.Research.RefinementAtlas.Batch137 (1.4s)
✔ [11/15] Built Collatz.Research.RefinementAtlas.Batch133 (1.5s)
✔ [12/15] Built Collatz.Research.RefinementAtlas.Batch134 (1.5s)
✔ [13/15] Built Collatz.Research.RefinementAtlas.Batch135 (1.5s)
✔ [14/15] Built Collatz.Research.RefinementAtlas.Batch136 (1.6s)
✔ [15/15] Built Collatz.Research.RefinementAtlas.Batch138 (1.5s)
Build completed successfully (15 jobs).
✔ [10/15] Built Collatz.Research.RefinementAtlas.Batch140 (1.1s)
✔ [11/15] Built Collatz.Research.RefinementAtlas.Batch142 (1.1s)
✔ [12/15] Built Collatz.Research.RefinementAtlas.Batch139 (1.3s)
✔ [13/15] Built Collatz.Research.RefinementAtlas.Batch141 (1.3s)
✔ [14/15] Built Collatz.Research.RefinementAtlas.Batch143 (1.2s)
✔ [15/15] Built Collatz.Research.RefinementAtlas.Batch144 (1.3s)
Build completed successfully (15 jobs).
✔ [10/15] Built Collatz.Research.RefinementAtlas.Batch148 (1.1s)
✔ [11/15] Built Collatz.Research.RefinementAtlas.Batch150 (1.0s)
✔ [12/15] Built Collatz.Research.RefinementAtlas.Batch145 (1.3s)
✔ [13/15] Built Collatz.Research.RefinementAtlas.Batch146 (1.3s)
✔ [14/15] Built Collatz.Research.RefinementAtlas.Batch149 (1.3s)
✔ [15/15] Built Collatz.Research.RefinementAtlas.Batch147 (1.4s)
Build completed successfully (15 jobs).
✔ [10/15] Built Collatz.Research.RefinementAtlas.Batch151 (1.2s)
✔ [11/15] Built Collatz.Research.RefinementAtlas.Batch153 (1.2s)
✔ [12/15] Built Collatz.Research.RefinementAtlas.Batch152 (1.2s)
✔ [13/15] Built Collatz.Research.RefinementAtlas.Batch154 (1.3s)
✔ [14/15] Built Collatz.Research.RefinementAtlas.Batch155 (1.3s)
✔ [15/15] Built Collatz.Research.RefinementAtlas.Batch156 (1.3s)
Build completed successfully (15 jobs).
✔ [10/15] Built Collatz.Research.RefinementAtlas.Batch161 (1.1s)
✔ [11/15] Built Collatz.Research.RefinementAtlas.Batch159 (1.2s)
✔ [12/15] Built Collatz.Research.RefinementAtlas.Batch158 (1.3s)
✔ [13/15] Built Collatz.Research.RefinementAtlas.Batch160 (1.3s)
✔ [14/15] Built Collatz.Research.RefinementAtlas.Batch157 (1.4s)
✔ [15/15] Built Collatz.Research.RefinementAtlas.Batch162 (1.4s)
Build completed successfully (15 jobs).
✔ [10/15] Built Collatz.Research.RefinementAtlas.Batch168 (1.4s)
✔ [11/15] Built Collatz.Research.RefinementAtlas.Batch164 (1.5s)
✔ [12/15] Built Collatz.Research.RefinementAtlas.Batch167 (1.6s)
✔ [13/15] Built Collatz.Research.RefinementAtlas.Batch163 (1.6s)
✔ [14/15] Built Collatz.Research.RefinementAtlas.Batch165 (1.7s)
✔ [15/15] Built Collatz.Research.RefinementAtlas.Batch166 (1.8s)
Build completed successfully (15 jobs).
✔ [10/15] Built Collatz.Research.RefinementAtlas.Batch170 (2.1s)
✔ [11/15] Built Collatz.Research.RefinementAtlas.Batch171 (2.3s)
✔ [12/15] Built Collatz.Research.RefinementAtlas.Batch172 (2.2s)
✔ [13/15] Built Collatz.Research.RefinementAtlas.Batch174 (2.2s)
✔ [14/15] Built Collatz.Research.RefinementAtlas.Batch169 (2.3s)
✔ [15/15] Built Collatz.Research.RefinementAtlas.Batch173 (2.3s)
Build completed successfully (15 jobs).
✔ [10/15] Built Collatz.Research.RefinementAtlas.Batch178 (2.1s)
✔ [11/15] Built Collatz.Research.RefinementAtlas.Batch180 (2.2s)
✔ [12/15] Built Collatz.Research.RefinementAtlas.Batch175 (2.3s)
✔ [13/15] Built Collatz.Research.RefinementAtlas.Batch176 (2.3s)
✔ [14/15] Built Collatz.Research.RefinementAtlas.Batch179 (2.3s)
✔ [15/15] Built Collatz.Research.RefinementAtlas.Batch177 (2.4s)
Build completed successfully (15 jobs).
✔ [10/15] Built Collatz.Research.RefinementAtlas.Batch182 (2.2s)
✔ [11/15] Built Collatz.Research.RefinementAtlas.Batch185 (2.3s)
✔ [12/15] Built Collatz.Research.RefinementAtlas.Batch184 (2.4s)
✔ [13/15] Built Collatz.Research.RefinementAtlas.Batch181 (2.5s)
✔ [14/15] Built Collatz.Research.RefinementAtlas.Batch183 (2.5s)
✔ [15/15] Built Collatz.Research.RefinementAtlas.Batch186 (2.6s)
Build completed successfully (15 jobs).
✔ [10/15] Built Collatz.Research.RefinementAtlas.Batch190 (2.2s)
✔ [11/15] Built Collatz.Research.RefinementAtlas.Batch192 (2.1s)
✔ [12/15] Built Collatz.Research.RefinementAtlas.Batch188 (2.4s)
✔ [13/15] Built Collatz.Research.RefinementAtlas.Batch187 (2.5s)
✔ [14/15] Built Collatz.Research.RefinementAtlas.Batch189 (2.5s)
✔ [15/15] Built Collatz.Research.RefinementAtlas.Batch191 (2.5s)
Build completed successfully (15 jobs).
✔ [10/15] Built Collatz.Research.RefinementAtlas.Batch195 (3.7s)
✔ [11/15] Built Collatz.Research.RefinementAtlas.Batch194 (3.8s)
✔ [12/15] Built Collatz.Research.RefinementAtlas.Batch197 (4.5s)
✔ [13/15] Built Collatz.Research.RefinementAtlas.Batch193 (4.7s)
✔ [14/15] Built Collatz.Research.RefinementAtlas.Batch198 (5.7s)
✔ [15/15] Built Collatz.Research.RefinementAtlas.Batch196 (5.7s)
Build completed successfully (15 jobs).
✔ [10/15] Built Collatz.Research.RefinementAtlas.Batch201 (4.8s)
✔ [11/15] Built Collatz.Research.RefinementAtlas.Batch204 (4.0s)
✔ [12/15] Built Collatz.Research.RefinementAtlas.Batch199 (5.1s)
✔ [13/15] Built Collatz.Research.RefinementAtlas.Batch200 (5.2s)
✔ [14/15] Built Collatz.Research.RefinementAtlas.Batch203 (5.2s)
✔ [15/15] Built Collatz.Research.RefinementAtlas.Batch202 (5.3s)
Build completed successfully (15 jobs).
✔ [10/15] Built Collatz.Research.RefinementAtlas.Batch206 (6.5s)
✔ [11/15] Built Collatz.Research.RefinementAtlas.Batch208 (6.6s)
✔ [12/15] Built Collatz.Research.RefinementAtlas.Batch209 (6.5s)
✔ [13/15] Built Collatz.Research.RefinementAtlas.Batch205 (6.6s)
✔ [14/15] Built Collatz.Research.RefinementAtlas.Batch207 (6.6s)
✔ [15/15] Built Collatz.Research.RefinementAtlas.Batch210 (6.7s)
Build completed successfully (15 jobs).
✔ [10/15] Built Collatz.Research.RefinementAtlas.Batch211 (7.1s)
✔ [11/15] Built Collatz.Research.RefinementAtlas.Batch212 (7.1s)
✔ [12/15] Built Collatz.Research.RefinementAtlas.Batch216 (7.1s)
✔ [13/15] Built Collatz.Research.RefinementAtlas.Batch213 (7.2s)
✔ [14/15] Built Collatz.Research.RefinementAtlas.Batch214 (7.2s)
✔ [15/15] Built Collatz.Research.RefinementAtlas.Batch215 (7.2s)
Build completed successfully (15 jobs).
✔ [10/15] Built Collatz.Research.RefinementAtlas.Batch217 (2.3s)
✔ [11/15] Built Collatz.Research.RefinementAtlas.Batch218 (2.5s)
✔ [12/15] Built Collatz.Research.RefinementAtlas.Batch221 (2.5s)
✔ [13/15] Built Collatz.Research.RefinementAtlas.Batch219 (2.6s)
✔ [14/15] Built Collatz.Research.RefinementAtlas.Batch222 (2.6s)
✔ [15/15] Built Collatz.Research.RefinementAtlas.Batch220 (2.7s)
Build completed successfully (15 jobs).
✔ [10/15] Built Collatz.Research.RefinementAtlas.Batch227 (1.8s)
✔ [11/15] Built Collatz.Research.RefinementAtlas.Batch224 (1.0s)
✔ [12/15] Built Collatz.Research.RefinementAtlas.Batch225 (2.0s)
✔ [13/15] Built Collatz.Research.RefinementAtlas.Batch228 (1.9s)
✔ [14/15] Built Collatz.Research.RefinementAtlas.Batch223 (2.1s)
✔ [15/15] Built Collatz.Research.RefinementAtlas.Batch226 (2.0s)
Build completed successfully (15 jobs).
✔ [10/15] Built Collatz.Research.RefinementAtlas.Batch229 (3.3s)
✔ [11/15] Built Collatz.Research.RefinementAtlas.Batch230 (3.3s)
✔ [12/15] Built Collatz.Research.RefinementAtlas.Batch231 (3.3s)
✔ [13/15] Built Collatz.Research.RefinementAtlas.Batch233 (3.3s)
✔ [14/15] Built Collatz.Research.RefinementAtlas.Batch232 (3.4s)
✔ [15/15] Built Collatz.Research.RefinementAtlas.Batch234 (3.4s)
Build completed successfully (15 jobs).
✔ [10/15] Built Collatz.Research.RefinementAtlas.Batch235 (2.7s)
✔ [11/15] Built Collatz.Research.RefinementAtlas.Batch237 (2.8s)
✔ [12/15] Built Collatz.Research.RefinementAtlas.Batch236 (2.9s)
✔ [13/15] Built Collatz.Research.RefinementAtlas.Batch238 (2.9s)
✔ [14/15] Built Collatz.Research.RefinementAtlas.Batch239 (2.9s)
✔ [15/15] Built Collatz.Research.RefinementAtlas.Batch240 (2.9s)
Build completed successfully (15 jobs).
✔ [10/15] Built Collatz.Research.RefinementAtlas.Batch245 (1.6s)
✔ [11/15] Built Collatz.Research.RefinementAtlas.Batch241 (1.7s)
✔ [12/15] Built Collatz.Research.RefinementAtlas.Batch246 (1.7s)
✔ [13/15] Built Collatz.Research.RefinementAtlas.Batch242 (1.7s)
✔ [14/15] Built Collatz.Research.RefinementAtlas.Batch243 (1.8s)
✔ [15/15] Built Collatz.Research.RefinementAtlas.Batch244 (1.9s)
Build completed successfully (15 jobs).
✔ [10/15] Built Collatz.Research.RefinementAtlas.Batch249 (1.9s)
✔ [11/15] Built Collatz.Research.RefinementAtlas.Batch247 (2.0s)
✔ [12/15] Built Collatz.Research.RefinementAtlas.Batch248 (2.0s)
✔ [13/15] Built Collatz.Research.RefinementAtlas.Batch252 (2.0s)
✔ [14/15] Built Collatz.Research.RefinementAtlas.Batch250 (2.1s)
✔ [15/15] Built Collatz.Research.RefinementAtlas.Batch251 (2.1s)
Build completed successfully (15 jobs).
✔ [10/15] Built Collatz.Research.RefinementAtlas.Batch253 (1.2s)
✔ [11/15] Built Collatz.Research.RefinementAtlas.Batch256 (1.4s)
✔ [12/15] Built Collatz.Research.RefinementAtlas.Batch254 (1.5s)
✔ [13/15] Built Collatz.Research.RefinementAtlas.Batch255 (1.6s)
✔ [14/15] Built Collatz.Research.RefinementAtlas.Batch257 (1.5s)
✔ [15/15] Built Collatz.Research.RefinementAtlas.Batch258 (1.5s)
Build completed successfully (15 jobs).
✔ [10/15] Built Collatz.Research.RefinementAtlas.Batch259 (1.8s)
✔ [11/15] Built Collatz.Research.RefinementAtlas.Batch260 (1.7s)
✔ [12/15] Built Collatz.Research.RefinementAtlas.Batch261 (1.8s)
✔ [13/15] Built Collatz.Research.RefinementAtlas.Batch262 (1.8s)
✔ [14/15] Built Collatz.Research.RefinementAtlas.Batch263 (1.9s)
✔ [15/15] Built Collatz.Research.RefinementAtlas.Batch264 (1.9s)
Build completed successfully (15 jobs).
✔ [10/15] Built Collatz.Research.RefinementAtlas.Batch265 (1.2s)
✔ [11/15] Built Collatz.Research.RefinementAtlas.Batch267 (1.3s)
✔ [12/15] Built Collatz.Research.RefinementAtlas.Batch269 (1.5s)
✔ [13/15] Built Collatz.Research.RefinementAtlas.Batch266 (1.6s)
✔ [14/15] Built Collatz.Research.RefinementAtlas.Batch268 (1.6s)
✔ [15/15] Built Collatz.Research.RefinementAtlas.Batch270 (1.6s)
Build completed successfully (15 jobs).
✔ [10/15] Built Collatz.Research.RefinementAtlas.Batch276 (1.1s)
✔ [11/15] Built Collatz.Research.RefinementAtlas.Batch271 (1.3s)
✔ [12/15] Built Collatz.Research.RefinementAtlas.Batch272 (1.5s)
✔ [13/15] Built Collatz.Research.RefinementAtlas.Batch273 (1.5s)
✔ [14/15] Built Collatz.Research.RefinementAtlas.Batch275 (1.6s)
✔ [15/15] Built Collatz.Research.RefinementAtlas.Batch274 (1.7s)
Build completed successfully (15 jobs).
✔ [10/15] Built Collatz.Research.RefinementAtlas.Batch278 (1.7s)
✔ [11/15] Built Collatz.Research.RefinementAtlas.Batch281 (1.7s)
✔ [12/15] Built Collatz.Research.RefinementAtlas.Batch277 (1.9s)
✔ [13/15] Built Collatz.Research.RefinementAtlas.Batch279 (1.8s)
✔ [14/15] Built Collatz.Research.RefinementAtlas.Batch282 (1.9s)
✔ [15/15] Built Collatz.Research.RefinementAtlas.Batch280 (2.1s)
Build completed successfully (15 jobs).
✔ [10/15] Built Collatz.Research.RefinementAtlas.Batch287 (1.4s)
✔ [11/15] Built Collatz.Research.RefinementAtlas.Batch286 (1.5s)
✔ [12/15] Built Collatz.Research.RefinementAtlas.Batch284 (1.6s)
✔ [13/15] Built Collatz.Research.RefinementAtlas.Batch285 (1.7s)
✔ [14/15] Built Collatz.Research.RefinementAtlas.Batch283 (1.8s)
✔ [15/15] Built Collatz.Research.RefinementAtlas.Batch288 (1.8s)
Build completed successfully (15 jobs).
✔ [10/15] Built Collatz.Research.RefinementAtlas.Batch291 (1.5s)
✔ [11/15] Built Collatz.Research.RefinementAtlas.Batch292 (1.6s)
✔ [12/15] Built Collatz.Research.RefinementAtlas.Batch289 (1.9s)
✔ [13/15] Built Collatz.Research.RefinementAtlas.Batch290 (1.9s)
✔ [14/15] Built Collatz.Research.RefinementAtlas.Batch294 (1.9s)
✔ [15/15] Built Collatz.Research.RefinementAtlas.Batch293 (1.0s)
Build completed successfully (15 jobs).
✔ [10/15] Built Collatz.Research.RefinementAtlas.Batch297 (2.6s)
✔ [11/15] Built Collatz.Research.RefinementAtlas.Batch296 (2.0s)
✔ [12/15] Built Collatz.Research.RefinementAtlas.Batch298 (3.1s)
✔ [13/15] Built Collatz.Research.RefinementAtlas.Batch300 (3.1s)
✔ [14/15] Built Collatz.Research.RefinementAtlas.Batch299 (3.2s)
✔ [15/15] Built Collatz.Research.RefinementAtlas.Batch295 (1.2s)
Build completed successfully (15 jobs).
⚠ [11/187] Replayed Collatz.Research.RefinementAtlas.AdaptiveObstruction
warning: Collatz/Research/RefinementAtlas/AdaptiveObstruction.lean:81:39: This simp argument is unused:
  Nat.mul_left_comm

Hint: Omit it from the simp argument list.
  [apply] simp [Nat.mul_comm, Nat.mul_assoc]

Note: This linter can be disabled with `set_option linter.unusedSimpArgs false`
warning: Collatz/Research/RefinementAtlas/AdaptiveObstruction.lean:86:39: This simp argument is unused:
  Nat.mul_left_comm

Hint: Omit it from the simp argument list.
  [apply] simp [Nat.mul_comm, Nat.mul_assoc]

Note: This linter can be disabled with `set_option linter.unusedSimpArgs false`
✔ [313/313] Built Collatz.Research.RefinementAtlas.All (762ms)
Build completed successfully (313 jobs).
