⚠ [47/593] Replayed Collatz.Strategy.CycleProduct
warning: Collatz/Strategy/CycleProduct.lean:72:26: This simp argument is unused:
  Nat.mul_assoc

Hint: Omit it from the simp argument list.
  [apply] simp [Nat.mul_comm, Nat.mul_left_comm]

Note: This linter can be disabled with `set_option linter.unusedSimpArgs false`
warning: Collatz/Strategy/CycleProduct.lean:78:54: This simp argument is unused:
  Nat.mul_assoc

Hint: Omit it from the simp argument list.
  [apply] simp [Nat.add_mul, Nat.mul_add, Nat.mul_comm, Nat.mul_left_comm]

Note: This linter can be disabled with `set_option linter.unusedSimpArgs false`
warning: Collatz/Strategy/CycleProduct.lean:81:54: This simp argument is unused:
  Nat.mul_assoc

Hint: Omit it from the simp argument list.
  [apply] simp [Nat.add_mul, Nat.mul_add, Nat.mul_comm, Nat.mul_left_comm]

Note: This linter can be disabled with `set_option linter.unusedSimpArgs false`
warning: Collatz/Strategy/CycleProduct.lean:86:28: This simp argument is unused:
  Nat.mul_assoc

Hint: Omit it from the simp argument list.
  [apply] simp [Nat.mul_comm, Nat.mul_left_comm]

Note: This linter can be disabled with `set_option linter.unusedSimpArgs false`
warning: Collatz/Strategy/CycleProduct.lean:158:28: This simp argument is unused:
  Nat.mul_assoc

Hint: Omit it from the simp argument list.
  [apply] simp [Nat.mul_comm, Nat.mul_left_comm]

Note: This linter can be disabled with `set_option linter.unusedSimpArgs false`
warning: Collatz/Strategy/CycleProduct.lean:197:24: This simp argument is unused:
  Nat.mul_assoc

Hint: Omit it from the simp argument list.
  [apply] simp [Nat.mul_comm, Nat.mul_left_comm]

Note: This linter can be disabled with `set_option linter.unusedSimpArgs false`
warning: Collatz/Strategy/CycleProduct.lean:286:24: This simp argument is unused:
  Nat.mul_assoc

Hint: Omit it from the simp argument list.
  [apply] simp [Nat.mul_comm, Nat.mul_left_comm]

Note: This linter can be disabled with `set_option linter.unusedSimpArgs false`
⚠ [48/593] Replayed Collatz.Strategy.AffineExact
warning: Collatz/Strategy/AffineExact.lean:127:41: Variable name `hm` is not explicitly referenced.

Hint: The binding can be removed (if unused) or named `_` (if used implicitly). Alternatively, prefix the name with `_` to silence this warning:
  [apply] _hm

Note: This linter can be disabled with `set_option linter.unusedVariables false`
⚠ [54/593] Replayed Collatz.Strategy.AccumulatorArith
warning: Collatz/Strategy/AccumulatorArith.lean:129:24: This simp argument is unused:
  Nat.mul_assoc

Hint: Omit it from the simp argument list.
  [apply] simp [Nat.mul_comm, Nat.mul_left_comm]

Note: This linter can be disabled with `set_option linter.unusedSimpArgs false`
⚠ [117/593] Replayed Collatz.Strategy.AccumulatorSharp
warning: Collatz/Strategy/AccumulatorSharp.lean:71:14: This simp argument is unused:
  Nat.mul_comm

Hint: Omit it from the simp argument list.
  [apply] simp [Nat.mul_left_comm, Nat.mul_assoc]

Note: This linter can be disabled with `set_option linter.unusedSimpArgs false`
Build completed successfully (1147 jobs).
