Batch001.build
Build completed successfully (16 jobs).

Batch002.build
✔ [16/16] Built Collatz.Research.DescentIntervals.Batch002 (8.5s)
Build completed successfully (16 jobs).

Batch003.build
✔ [16/16] Built Collatz.Research.DescentIntervals.Batch003 (1.4s)
Build completed successfully (16 jobs).

Batch004.build
✔ [16/16] Built Collatz.Research.DescentIntervals.Batch004 (1.6s)
Build completed successfully (16 jobs).

Batch005.build
✔ [16/16] Built Collatz.Research.DescentIntervals.Batch005 (1.3s)
Build completed successfully (16 jobs).

Batch006.build
✔ [16/16] Built Collatz.Research.DescentIntervals.Batch006 (1.6s)
Build completed successfully (16 jobs).

Batch007.build
✔ [16/16] Built Collatz.Research.DescentIntervals.Batch007 (1.2s)
Build completed successfully (16 jobs).

Batch008.build
✔ [16/16] Built Collatz.Research.DescentIntervals.Batch008 (1.1s)
Build completed successfully (16 jobs).

Batch009.build
✔ [16/16] Built Collatz.Research.DescentIntervals.Batch009 (2.1s)
Build completed successfully (16 jobs).

Batch010.build
✔ [16/16] Built Collatz.Research.DescentIntervals.Batch010 (1.5s)
Build completed successfully (16 jobs).

Batch011.build
✔ [16/16] Built Collatz.Research.DescentIntervals.Batch011 (1.8s)
Build completed successfully (16 jobs).

Batch012.build
✔ [16/16] Built Collatz.Research.DescentIntervals.Batch012 (12s)
Build completed successfully (16 jobs).

Batch013.build
✔ [16/16] Built Collatz.Research.DescentIntervals.Batch013 (3.4s)
Build completed successfully (16 jobs).

Batch014.build
✔ [16/16] Built Collatz.Research.DescentIntervals.Batch014 (2.5s)
Build completed successfully (16 jobs).

Batch015.build
✔ [16/16] Built Collatz.Research.DescentIntervals.Batch015 (2.5s)
Build completed successfully (16 jobs).

Batch016.build
✔ [16/16] Built Collatz.Research.DescentIntervals.Batch016 (2.6s)
Build completed successfully (16 jobs).

Batch017.build
✔ [16/16] Built Collatz.Research.DescentIntervals.Batch017 (3.0s)
Build completed successfully (16 jobs).

Batch018.build
✔ [16/16] Built Collatz.Research.DescentIntervals.Batch018 (10s)
Build completed successfully (16 jobs).

Batch019.build
✔ [16/16] Built Collatz.Research.DescentIntervals.Batch019 (3.5s)
Build completed successfully (16 jobs).

Batch020.build
✔ [16/16] Built Collatz.Research.DescentIntervals.Batch020 (10s)
Build completed successfully (16 jobs).

Batch021.build
✔ [16/16] Built Collatz.Research.DescentIntervals.Batch021 (6.1s)
Build completed successfully (16 jobs).

Batch022.build
✔ [16/16] Built Collatz.Research.DescentIntervals.Batch022 (1.8s)
Build completed successfully (16 jobs).

Batch023.build
✔ [16/16] Built Collatz.Research.DescentIntervals.Batch023 (2.6s)
Build completed successfully (16 jobs).

Batch024.build
✔ [16/16] Built Collatz.Research.DescentIntervals.Batch024 (4.2s)
Build completed successfully (16 jobs).

Batch025.build
✔ [16/16] Built Collatz.Research.DescentIntervals.Batch025 (6.3s)
Build completed successfully (16 jobs).

Batch026.build
✔ [16/16] Built Collatz.Research.DescentIntervals.Batch026 (1.3s)
Build completed successfully (16 jobs).

Batch027.build
✔ [16/16] Built Collatz.Research.DescentIntervals.Batch027 (4.2s)
Build completed successfully (16 jobs).

Batch028.build
✔ [16/16] Built Collatz.Research.DescentIntervals.Batch028 (3.1s)
Build completed successfully (16 jobs).

Batch029.build
✔ [16/16] Built Collatz.Research.DescentIntervals.Batch029 (10s)
Build completed successfully (16 jobs).

Batch030.build
✔ [16/16] Built Collatz.Research.DescentIntervals.Batch030 (1.9s)
Build completed successfully (16 jobs).

Batch031.build
✔ [16/16] Built Collatz.Research.DescentIntervals.Batch031 (1.5s)
Build completed successfully (16 jobs).

Batch032.build
✔ [16/16] Built Collatz.Research.DescentIntervals.Batch032 (1.7s)
Build completed successfully (16 jobs).

Batch033.build
✔ [16/16] Built Collatz.Research.DescentIntervals.Batch033 (1.7s)
Build completed successfully (16 jobs).

Batch034.build
✔ [16/16] Built Collatz.Research.DescentIntervals.Batch034 (2.1s)
Build completed successfully (16 jobs).

Batch035.build
✔ [16/16] Built Collatz.Research.DescentIntervals.Batch035 (1.2s)
Build completed successfully (16 jobs).

Batch036.build
✔ [16/16] Built Collatz.Research.DescentIntervals.Batch036 (1.8s)
Build completed successfully (16 jobs).

Batch037.build
✔ [16/16] Built Collatz.Research.DescentIntervals.Batch037 (2.1s)
Build completed successfully (16 jobs).

Batch038.build
✔ [16/16] Built Collatz.Research.DescentIntervals.Batch038 (1.3s)
Build completed successfully (16 jobs).

Batch039.build
✔ [16/16] Built Collatz.Research.DescentIntervals.Batch039 (1.9s)
Build completed successfully (16 jobs).

Batch040.build
✔ [16/16] Built Collatz.Research.DescentIntervals.Batch040 (2.6s)
Build completed successfully (16 jobs).

Batch041.build
✔ [16/16] Built Collatz.Research.DescentIntervals.Batch041 (1.5s)
Build completed successfully (16 jobs).

Batch042.build
✔ [16/16] Built Collatz.Research.DescentIntervals.Batch042 (1.8s)
Build completed successfully (16 jobs).

Batch043.build
✔ [16/16] Built Collatz.Research.DescentIntervals.Batch043 (2.5s)
Build completed successfully (16 jobs).

Batch044.build
✔ [16/16] Built Collatz.Research.DescentIntervals.Batch044 (3.3s)
Build completed successfully (16 jobs).

Batch045.build
✔ [16/16] Built Collatz.Research.DescentIntervals.Batch045 (1.7s)
Build completed successfully (16 jobs).

Batch046.build
✔ [16/16] Built Collatz.Research.DescentIntervals.Batch046 (8.7s)
Build completed successfully (16 jobs).

Batch047.build
✔ [16/16] Built Collatz.Research.DescentIntervals.Batch047 (1.3s)
Build completed successfully (16 jobs).

Batch048.build
✔ [16/16] Built Collatz.Research.DescentIntervals.Batch048 (1.0s)
Build completed successfully (16 jobs).

Batch049.build
✔ [16/16] Built Collatz.Research.DescentIntervals.Batch049 (3.3s)
Build completed successfully (16 jobs).

Batch050.build
✔ [16/16] Built Collatz.Research.DescentIntervals.Batch050 (4.2s)
Build completed successfully (16 jobs).

Batch051.build
✔ [16/16] Built Collatz.Research.DescentIntervals.Batch051 (3.3s)
Build completed successfully (16 jobs).

Batch052.build
✔ [16/16] Built Collatz.Research.DescentIntervals.Batch052 (1.8s)
Build completed successfully (16 jobs).

Batch053.build
✔ [16/16] Built Collatz.Research.DescentIntervals.Batch053 (3.0s)
Build completed successfully (16 jobs).

Batch054.build
✔ [16/16] Built Collatz.Research.DescentIntervals.Batch054 (2.1s)
Build completed successfully (16 jobs).

Batch055.build
✔ [16/16] Built Collatz.Research.DescentIntervals.Batch055 (2.1s)
Build completed successfully (16 jobs).

Batch056.build
✔ [16/16] Built Collatz.Research.DescentIntervals.Batch056 (2.4s)
Build completed successfully (16 jobs).

Batch057.build
✔ [16/16] Built Collatz.Research.DescentIntervals.Batch057 (2.2s)
Build completed successfully (16 jobs).

Batch058.build
✔ [16/16] Built Collatz.Research.DescentIntervals.Batch058 (1.8s)
Build completed successfully (16 jobs).

Batch059.build
✔ [16/16] Built Collatz.Research.DescentIntervals.Batch059 (1.3s)
Build completed successfully (16 jobs).

Batch060.build
✔ [16/16] Built Collatz.Research.DescentIntervals.Batch060 (1.3s)
Build completed successfully (16 jobs).

Batch061.build
✔ [16/16] Built Collatz.Research.DescentIntervals.Batch061 (1.6s)
Build completed successfully (16 jobs).

Batch062.build
✔ [16/16] Built Collatz.Research.DescentIntervals.Batch062 (2.5s)
Build completed successfully (16 jobs).

Batch063.build
✔ [16/16] Built Collatz.Research.DescentIntervals.Batch063 (2.4s)
Build completed successfully (16 jobs).

Batch064.build
✔ [16/16] Built Collatz.Research.DescentIntervals.Batch064 (1.8s)
Build completed successfully (16 jobs).

Batch065.build
✔ [16/16] Built Collatz.Research.DescentIntervals.Batch065 (1.3s)
Build completed successfully (16 jobs).

Batch066.build
✔ [16/16] Built Collatz.Research.DescentIntervals.Batch066 (1.6s)
Build completed successfully (16 jobs).

Batch067.build
✔ [16/16] Built Collatz.Research.DescentIntervals.Batch067 (2.4s)
Build completed successfully (16 jobs).

Batch068.build
✔ [16/16] Built Collatz.Research.DescentIntervals.Batch068 (1.7s)
Build completed successfully (16 jobs).

Batch069.build
✔ [16/16] Built Collatz.Research.DescentIntervals.Batch069 (1.5s)
Build completed successfully (16 jobs).

Batch070.build
✔ [16/16] Built Collatz.Research.DescentIntervals.Batch070 (1.4s)
Build completed successfully (16 jobs).

Batch071.build
✔ [16/16] Built Collatz.Research.DescentIntervals.Batch071 (1.3s)
Build completed successfully (16 jobs).

Batch072.build
✔ [16/16] Built Collatz.Research.DescentIntervals.Batch072 (1.5s)
Build completed successfully (16 jobs).

Batch073.build
✔ [16/16] Built Collatz.Research.DescentIntervals.Batch073 (1.9s)
Build completed successfully (16 jobs).

Batch074.build
✔ [16/16] Built Collatz.Research.DescentIntervals.Batch074 (1.1s)
Build completed successfully (16 jobs).

Batch075.build
✔ [16/16] Built Collatz.Research.DescentIntervals.Batch075 (962ms)
Build completed successfully (16 jobs).

Batch076.build
✔ [16/16] Built Collatz.Research.DescentIntervals.Batch076 (930ms)
Build completed successfully (16 jobs).

Batch077.build
✔ [16/16] Built Collatz.Research.DescentIntervals.Batch077 (1000ms)
Build completed successfully (16 jobs).

Batch078.build
✔ [16/16] Built Collatz.Research.DescentIntervals.Batch078 (995ms)
Build completed successfully (16 jobs).

Batch079.build
✔ [16/16] Built Collatz.Research.DescentIntervals.Batch079 (1.0s)
Build completed successfully (16 jobs).

Batch080.build
✔ [16/16] Built Collatz.Research.DescentIntervals.Batch080 (2.4s)
Build completed successfully (16 jobs).

Batch081.build
✔ [16/16] Built Collatz.Research.DescentIntervals.Batch081 (1.9s)
Build completed successfully (16 jobs).

Batch082.build
✔ [16/16] Built Collatz.Research.DescentIntervals.Batch082 (1.2s)
Build completed successfully (16 jobs).

Batch083.build
✔ [16/16] Built Collatz.Research.DescentIntervals.Batch083 (1.2s)
Build completed successfully (16 jobs).

Batch084.build
✔ [16/16] Built Collatz.Research.DescentIntervals.Batch084 (1.3s)
Build completed successfully (16 jobs).

Batch085.build
✔ [16/16] Built Collatz.Research.DescentIntervals.Batch085 (1.2s)
Build completed successfully (16 jobs).

Batch086.build
✔ [16/16] Built Collatz.Research.DescentIntervals.Batch086 (1.8s)
Build completed successfully (16 jobs).

Batch087.build
✔ [16/16] Built Collatz.Research.DescentIntervals.Batch087 (960ms)
Build completed successfully (16 jobs).

Batch088.build
✔ [16/16] Built Collatz.Research.DescentIntervals.Batch088 (805ms)
Build completed successfully (16 jobs).

Batch089.build
✔ [16/16] Built Collatz.Research.DescentIntervals.Batch089 (1.1s)
Build completed successfully (16 jobs).

Batch090.build
✔ [16/16] Built Collatz.Research.DescentIntervals.Batch090 (1.0s)
Build completed successfully (16 jobs).

Batch091.build
✔ [16/16] Built Collatz.Research.DescentIntervals.Batch091 (2.6s)
Build completed successfully (16 jobs).

Batch092.build
✔ [16/16] Built Collatz.Research.DescentIntervals.Batch092 (1.2s)
Build completed successfully (16 jobs).

Batch093.build
✔ [16/16] Built Collatz.Research.DescentIntervals.Batch093 (792ms)
Build completed successfully (16 jobs).

Batch094.build
✔ [16/16] Built Collatz.Research.DescentIntervals.Batch094 (1.2s)
Build completed successfully (16 jobs).

Batch095.build
✔ [16/16] Built Collatz.Research.DescentIntervals.Batch095 (892ms)
Build completed successfully (16 jobs).

Batch096.build
✔ [16/16] Built Collatz.Research.DescentIntervals.Batch096 (605ms)
Build completed successfully (16 jobs).

Batch097.build
✔ [16/16] Built Collatz.Research.DescentIntervals.Batch097 (687ms)
Build completed successfully (16 jobs).

Batch098.build
✔ [16/16] Built Collatz.Research.DescentIntervals.Batch098 (692ms)
Build completed successfully (16 jobs).

Batch099.build
✔ [16/16] Built Collatz.Research.DescentIntervals.Batch099 (763ms)
Build completed successfully (16 jobs).

Batch100.build
✔ [16/16] Built Collatz.Research.DescentIntervals.Batch100 (857ms)
Build completed successfully (16 jobs).
