'Collatz.PeriodicRigidity.branch_rigidity' depends on axioms: [propext, Quot.sound]
'Collatz.PeriodicRigidity.invariant_constant' depends on axioms: [propext, Quot.sound]
'Collatz.PeriodicRigidity.defect_progression' depends on axioms: [propext, Classical.choice, Quot.sound]
'Collatz.PeriodicRigidity.defect_packing' depends on axioms: [propext, Classical.choice, Quot.sound]
'Collatz.PeriodicRigidity.threeLabel_defect' depends on axioms: [propext, Quot.sound]
'Collatz.PeriodicRigidity.divisibleLabel_defect' depends on axioms: [propext, Classical.choice, Quot.sound]
'Collatz.PeriodicRigidity.divisibleLabel_least_period' depends on axioms: [propext]
'Collatz.PeriodicRigidity.eventually_invariant_constant' depends on axioms: [propext, Quot.sound]
'Collatz.PeriodicRigidity.collatz_iff_eventually_periodic_basin' depends on axioms: [propext, Quot.sound]
'Collatz.PeriodicDefectMinimum.mass_conservation' depends on axioms: [propext, Quot.sound]
'Collatz.PeriodicDefectMinimum.defects_twice_exits' depends on axioms: [propext, Quot.sound]
'Collatz.PeriodicDefectMinimum.minimum_defects' depends on axioms: [propext, Classical.choice, Quot.sound]
'Collatz.PeriodicDefectMinimum.threshold_sum' depends on axioms: [propext, Quot.sound]
'Collatz.PeriodicDefectMinimum.variation_lower_bound' depends on axioms: [propext, Classical.choice, Quot.sound]
'Collatz.PeriodicDefectMinimum.variation_sharp' depends on axioms: [propext, Classical.choice, Quot.sound]
'Collatz.PeriodicSingleDefect.affine_single_defect' depends on axioms: [propext, Classical.choice, Quot.sound]
'Collatz.PeriodicSingleDefect.doubling_invariant_of_single_defect' depends on axioms: [propext,
 Classical.choice,
 Quot.sound]
'Collatz.PeriodicSingleDefect.single_defect_rigidity' depends on axioms: [propext, Classical.choice, Quot.sound]
'Collatz.PeriodicSingleDefect.one_defect_iff' depends on axioms: [propext, Classical.choice, Quot.sound]
'Collatz.PeriodicSingleDefectAll.composable_lift' depends on axioms: [propext, Quot.sound]
'Collatz.PeriodicSingleDefectAll.descend_single_defect' depends on axioms: [propext, Classical.choice, Quot.sound]
'Collatz.PeriodicSingleDefectAll.all_single_defect' depends on axioms: [propext, Classical.choice, Quot.sound]
'Collatz.PeriodicSingleDefectAll.one_defect_iff_all' depends on axioms: [propext, Classical.choice, Quot.sound]
