This is XeTeX, Version 3.141592653-2.6-0.999998 (TeX Live 2026) (preloaded format=xelatex)
 restricted \write18 enabled.
entering extended mode
(./syracuse-uniform-floor.tex
LaTeX2e <2025-11-01>
L3 programming layer <2026-01-19>
(/usr/local/texlive/2026/texmf-dist/tex/latex/base/article.cls
Document Class: article 2025/01/22 v1.4n Standard LaTeX document class
(/usr/local/texlive/2026/texmf-dist/tex/latex/base/size11.clo))
(/usr/local/texlive/2026/texmf-dist/tex/latex/geometry/geometry.sty
(/usr/local/texlive/2026/texmf-dist/tex/latex/graphics/keyval.sty)
(/usr/local/texlive/2026/texmf-dist/tex/generic/iftex/ifvtex.sty
(/usr/local/texlive/2026/texmf-dist/tex/generic/iftex/iftex.sty)))
(/usr/local/texlive/2026/texmf-dist/tex/latex/fontspec/fontspec.sty
(/usr/local/texlive/2026/texmf-dist/tex/latex/l3packages/xparse/xparse.sty
(/usr/local/texlive/2026/texmf-dist/tex/latex/l3kernel/expl3.sty
(/usr/local/texlive/2026/texmf-dist/tex/latex/l3backend/l3backend-xetex.def)))
(/usr/local/texlive/2026/texmf-dist/tex/latex/fontspec/fontspec-xetex.sty
(/usr/local/texlive/2026/texmf-dist/tex/latex/base/fontenc.sty)
(/usr/local/texlive/2026/texmf-dist/tex/latex/fontspec/fontspec.cfg)))
(/usr/local/texlive/2026/texmf-dist/tex/latex/amsmath/amsmath.sty
For additional information on amsmath, use the `?' option.
(/usr/local/texlive/2026/texmf-dist/tex/latex/amsmath/amstext.sty
(/usr/local/texlive/2026/texmf-dist/tex/latex/amsmath/amsgen.sty))
(/usr/local/texlive/2026/texmf-dist/tex/latex/amsmath/amsbsy.sty)
(/usr/local/texlive/2026/texmf-dist/tex/latex/amsmath/amsopn.sty))
(/usr/local/texlive/2026/texmf-dist/tex/latex/amscls/amsthm.sty)
(/usr/local/texlive/2026/texmf-dist/tex/latex/amsfonts/amssymb.sty
(/usr/local/texlive/2026/texmf-dist/tex/latex/amsfonts/amsfonts.sty))
(/usr/local/texlive/2026/texmf-dist/tex/latex/mathtools/mathtools.sty
(/usr/local/texlive/2026/texmf-dist/tex/latex/tools/calc.sty)
(/usr/local/texlive/2026/texmf-dist/tex/latex/mathtools/mhsetup.sty))
(/usr/local/texlive/2026/texmf-dist/tex/latex/microtype/microtype.sty
(/usr/local/texlive/2026/texmf-dist/tex/latex/etoolbox/etoolbox.sty)
(/usr/local/texlive/2026/texmf-dist/tex/latex/microtype/microtype-xetex.def)
(/usr/local/texlive/2026/texmf-dist/tex/latex/microtype/microtype.cfg))
(/usr/local/texlive/2026/texmf-dist/tex/latex/xcolor/xcolor.sty
(/usr/local/texlive/2026/texmf-dist/tex/latex/graphics-cfg/color.cfg)
(/usr/local/texlive/2026/texmf-dist/tex/latex/graphics-def/xetex.def)
(/usr/local/texlive/2026/texmf-dist/tex/latex/graphics/mathcolor.ltx))
(/usr/local/texlive/2026/texmf-dist/tex/latex/booktabs/booktabs.sty)
(/usr/local/texlive/2026/texmf-dist/tex/latex/tools/longtable.sty)
(/usr/local/texlive/2026/texmf-dist/tex/latex/tools/array.sty)
(/usr/local/texlive/2026/texmf-dist/tex/latex/enumitem/enumitem.sty)
(/usr/local/texlive/2026/texmf-dist/tex/latex/fancyhdr/fancyhdr.sty)
(/usr/local/texlive/2026/texmf-dist/tex/latex/fvextra/fvextra.sty
(/usr/local/texlive/2026/texmf-dist/tex/latex/fancyvrb/fancyvrb.sty)
(/usr/local/texlive/2026/texmf-dist/tex/latex/upquote/upquote.sty
(/usr/local/texlive/2026/texmf-dist/tex/latex/base/textcomp.sty))
(/usr/local/texlive/2026/texmf-dist/tex/latex/lineno/lineno.sty
(/usr/local/texlive/2026/texmf-dist/tex/latex/kvoptions/kvoptions.sty
(/usr/local/texlive/2026/texmf-dist/tex/generic/ltxcmds/ltxcmds.sty)
(/usr/local/texlive/2026/texmf-dist/tex/latex/kvsetkeys/kvsetkeys.sty))))
(/usr/local/texlive/2026/texmf-dist/tex/latex/hyperref/hyperref.sty
(/usr/local/texlive/2026/texmf-dist/tex/generic/kvdefinekeys/kvdefinekeys.sty)
(/usr/local/texlive/2026/texmf-dist/tex/generic/pdfescape/pdfescape.sty
(/usr/local/texlive/2026/texmf-dist/tex/generic/pdftexcmds/pdftexcmds.sty
(/usr/local/texlive/2026/texmf-dist/tex/generic/infwarerr/infwarerr.sty)))
(/usr/local/texlive/2026/texmf-dist/tex/latex/hycolor/hycolor.sty)
(/usr/local/texlive/2026/texmf-dist/tex/latex/hyperref/nameref.sty
(/usr/local/texlive/2026/texmf-dist/tex/latex/refcount/refcount.sty)
(/usr/local/texlive/2026/texmf-dist/tex/generic/gettitlestring/gettitlestring.s
ty)) (/usr/local/texlive/2026/texmf-dist/tex/generic/stringenc/stringenc.sty)
(/usr/local/texlive/2026/texmf-dist/tex/latex/hyperref/pd1enc.def)
(/usr/local/texlive/2026/texmf-dist/tex/generic/intcalc/intcalc.sty)
(/usr/local/texlive/2026/texmf-dist/tex/latex/hyperref/puenc.def)
(/usr/local/texlive/2026/texmf-dist/tex/latex/url/url.sty)
(/usr/local/texlive/2026/texmf-dist/tex/generic/bitset/bitset.sty
(/usr/local/texlive/2026/texmf-dist/tex/generic/bigintcalc/bigintcalc.sty)))
(/usr/local/texlive/2026/texmf-dist/tex/latex/hyperref/hxetex.def
(/usr/local/texlive/2026/texmf-dist/tex/latex/rerunfilecheck/rerunfilecheck.sty

(/usr/local/texlive/2026/texmf-dist/tex/generic/uniquecounter/uniquecounter.sty
))) (/usr/local/texlive/2026/texmf-dist/tex/latex/bookmark/bookmark.sty
(/usr/local/texlive/2026/texmf-dist/tex/latex/bookmark/bkm-dvipdfm.def))
(/usr/local/texlive/2026/texmf-dist/tex/latex/xurl/xurl.sty)
No file syracuse-uniform-floor.aux.
*geometry* driver: auto-detecting
*geometry* detected driver: xetex
(/usr/local/texlive/2026/texmf-dist/tex/latex/graphics/graphicx.sty
(/usr/local/texlive/2026/texmf-dist/tex/latex/graphics/graphics.sty
(/usr/local/texlive/2026/texmf-dist/tex/latex/graphics/trig.sty)
(/usr/local/texlive/2026/texmf-dist/tex/latex/graphics-cfg/graphics.cfg)))

Package hyperref Warning: Rerun to get /PageLabels entry.

(/usr/local/texlive/2026/texmf-dist/tex/latex/amsfonts/umsa.fd)
(/usr/local/texlive/2026/texmf-dist/tex/latex/microtype/mt-msa.cfg)
(/usr/local/texlive/2026/texmf-dist/tex/latex/amsfonts/umsb.fd)
(/usr/local/texlive/2026/texmf-dist/tex/latex/microtype/mt-msb.cfg)
(/usr/local/texlive/2026/texmf-dist/tex/latex/microtype/mt-cmr.cfg)
No file syracuse-uniform-floor.toc.
[1]
Overfull \hbox (2.8124pt too wide) in paragraph at lines 74--79
\TU/texgyrepagella-regular.otf(0)/m/n/10.95 map is well-defined. The Lean objec
ts are \TU/JuliaMono-Regular.ttf(0)/m/n/10 Erdos1135.Tao.syracStep \TU/texgyrep
agella-regular.otf(0)/m/n/10.95 and \TU/JuliaMono-Regular.ttf(0)/m/n/10 Erdos11
35.Tao.syracPMF\TU/texgyrepagella-regular.otf(0)/m/n/10.95 . 

LaTeX Warning: Reference `law' on page 2 undefined on input line 91.


LaTeX Warning: Reference `main' on page 2 undefined on input line 93.


LaTeX Warning: Citation `tao2020' on page 2 undefined on input line 100.


LaTeX Warning: Reference `mainbound' on page 2 undefined on input line 102.


LaTeX Warning: Reference `law' on page 2 undefined on input line 118.


LaTeX Warning: Citation `tao2019' on page 2 undefined on input line 126.


LaTeX Warning: Citation `mazur' on page 2 undefined on input line 126.

[2]

LaTeX Warning: Reference `coreinputs' on page 3 undefined on input line 136.


LaTeX Warning: Reference `main' on page 3 undefined on input line 141.


LaTeX Warning: Reference `law' on page 3 undefined on input line 152.


LaTeX Warning: Reference `geom' on page 3 undefined on input line 167.


LaTeX Warning: Reference `rho' on page 3 undefined on input line 176.


LaTeX Warning: Reference `transportnorm' on page 3 undefined on input line 185.



LaTeX Warning: Reference `mix' on page 3 undefined on input line 185.


LaTeX Warning: Reference `kraft' on page 3 undefined on input line 185.

[3]

LaTeX Warning: Reference `onesided' on page 4 undefined on input line 197.


LaTeX Warning: Reference `transportnorm' on page 4 undefined on input line 209.



LaTeX Warning: Reference `onesided' on page 4 undefined on input line 218.

[4]

LaTeX Warning: Reference `contract' on page 5 undefined on input line 257.


LaTeX Warning: Reference `onestage' on page 5 undefined on input line 258.

[5]

LaTeX Warning: Reference `uniformtail' on page 6 undefined on input line 324.


LaTeX Warning: Reference `majorant' on page 6 undefined on input line 325.


Overfull \hbox (53.65598pt too wide) in paragraph at lines 329--336
\TU/JuliaMono-Regular.ttf(0)/m/n/10 exists_unit_rootCoreBackwardMark_ge_product
\TU/texgyrepagella-regular.otf(0)/m/n/10.95 ; C3 uses \TU/JuliaMono-Regular.ttf
(0)/m/n/10 exists_coreMarkedLimit_with_root_uniform_tail\TU/texgyrepagella-regu
lar.otf(0)/m/n/10.95 ,

Overfull \hbox (45.88817pt too wide) in paragraph at lines 329--336
\TU/JuliaMono-Regular.ttf(0)/m/n/10 rootCoreSingletonState_denominator_eq_one\T
U/texgyrepagella-regular.otf(0)/m/n/10.95 , and \TU/JuliaMono-Regular.ttf(0)/m/
n/10 rootCoreSingletonState_markedMass_eq_backwardMark\TU/texgyrepagella-regula
r.otf(0)/m/n/10.95 .

LaTeX Warning: Reference `uniformtail' on page 6 undefined on input line 361.


LaTeX Warning: Reference `iteration' on page 6 undefined on input line 370.


LaTeX Warning: Reference `projective' on page 6 undefined on input line 388.

[6]

LaTeX Warning: Reference `fixed' on page 7 undefined on input line 396.


LaTeX Warning: Reference `fiber' on page 7 undefined on input line 402.


LaTeX Warning: Reference `error' on page 7 undefined on input line 402.


LaTeX Warning: Reference `sibling' on page 7 undefined on input line 448.

[7]

LaTeX Warning: Reference `inverse' on page 8 undefined on input line 457.


LaTeX Warning: Reference `actual' on page 8 undefined on input line 457.


LaTeX Warning: Reference `step' on page 8 undefined on input line 463.


LaTeX Warning: Reference `actual' on page 8 undefined on input line 467.


LaTeX Warning: Reference `projective' on page 8 undefined on input line 473.


LaTeX Warning: Reference `spread' on page 8 undefined on input line 474.


LaTeX Warning: Reference `rho' on page 8 undefined on input line 476.


LaTeX Warning: Reference `main' on page 8 undefined on input line 480.


LaTeX Warning: Reference `appendix' on page 8 undefined on input line 498.


Underfull \hbox (badness 2452) in paragraph at lines 505--512
[]\TU/texgyrepagella-regular.otf(0)/m/n/10.95 The library supplies the probabil
ity definitions, Fourier mixing, core construction and

Underfull \hbox (badness 1616) in paragraph at lines 505--512
\TU/texgyrepagella-regular.otf(0)/m/n/10.95 variation estimates, as well as sib
ling arithmetic. The appendix therefore compiles \TU/texgyrepagella-regular.otf
(0)/m/it/10.95 in-

Underfull \hbox (badness 1231) in paragraph at lines 505--512
\TU/texgyrepagella-regular.otf(0)/m/it/10.95 side the pinned project\TU/texgyre
pagella-regular.otf(0)/m/n/10.95 , not in an empty Lean installation. It does n
ot reproduce Math-

Underfull \hbox (badness 1199) in paragraph at lines 505--512
\TU/texgyrepagella-regular.otf(0)/m/n/10.95 lib or all supporting source files.
 The complete original supporting library remains in

Underfull \hbox (badness 1584) in paragraph at lines 505--512
\TU/JuliaMono-Regular.ttf(0)/m/n/10 ProofAtlasAttack/vendor/positive-density-lo
g-time-collatz\TU/texgyrepagella-regular.otf(0)/m/n/10.95 . The imported source
’s cor-
[8]

LaTeX Warning: Reference `law' on page 9 undefined on input line 530.

[9] [10] [11] [12] [13] [14] [15] [16] [17] [18] [19] [20] [21]
(/Users/takshkothari/Downloads/collatz/tmp/pdfs/syracuse-review/syracuse-unifor
m-floor.aux)

LaTeX Warning: There were undefined references.


LaTeX Warning: Label(s) may have changed. Rerun to get cross-references right.

 )
(see the transcript file for additional information)
Output written on /Users/takshkothari/Downloads/collatz/tmp/pdfs/syracuse-revie
w/syracuse-uniform-floor.pdf (21 pages).
Transcript written on /Users/takshkothari/Downloads/collatz/tmp/pdfs/syracuse-r
eview/syracuse-uniform-floor.log.
